env:
  FOO: "bar"

connector:
  network: "test-tenant"
  url: "twingate.com"
  accessToken: "ACCESS_TOKEN"
  refreshToken: "REFRESH_TOKEN"
