image:
  imagePullSecrets:
    - docker-hub-registry
