connector:
  logLevel: "debug"
  network: "test-tenant"
  url: "twingate.com"
  accessToken: "ACCESS_TOKEN"
  refreshToken: "REFRESH_TOKEN"
