podSecurityContext:
  seccompProfile:
    type: RuntimeDefault

connector:
  network: "test-tenant"
  accessToken: "ACCESS_TOKEN"
  refreshToken: "REFRESH_TOKEN"
