priorityClassName: "system-cluster-critical"

connector:
  network: "test-tenant"
  accessToken: "ACCESS_TOKEN"
  refreshToken: "REFRESH_TOKEN"
