resources:
  requests:
    cpu: 100m
    memory: 128Mi
  limits:
    cpu: 100m
    memory: 128Mi

connector:
  network: "test-tenant"
  url: "twingate.com"
  accessToken: "ACCESS_TOKEN"
  refreshToken: "REFRESH_TOKEN"
