tolerations:
  - effect: NoSchedule
    operator: Exists

connector:
  network: "test-tenant"
  accessToken: "ACCESS_TOKEN"
  refreshToken: "REFRESH_TOKEN"
